Nishant Singh@Nishant-Viv0book MINGW64 ~/Desktop/Assesment/Git (master)
$ git init
Nishant Singh@Nishant-Viv0book MINGW64 ~/Desktop/Assesment/Git (master)
$ git status
On branch master
No commits yet
Changes to be committed:
  (use "git rm --cached <file>..." to unstage)
        new file:   Code.txt
Untracked files:
  (use "git add <file>..." to include in what will be committed)
        Log.txt
        Output.tx
Nishant Singh@Nishant-Viv0book MINGW64 ~/Desktop/Assesment/Git (master)
$ git add output.txt
Nishant Singh@Nishant-Viv0book MINGW64 ~/Desktop/Assesment/Git (master)
$ git status
On branch master
No commits yet
Changes to be committed:
  (use "git rm --cached <file>..." to unstage)
        new file:   Code.txt
Untracked files:
  (use "git add <file>..." to include in what will be committed)
        Log.txt
        Output.txt
Nishant Singh@Nishant-Viv0book MINGW64 ~/Desktop/Assesment/Git (master)
$ git add Output.txt
Nishant Singh@Nishant-Viv0book MINGW64 ~/Desktop/Assesment/Git (master)
$ git status
On branch master
No commits yet
Changes to be committed:
  (use "git rm --cached <file>..." to unstage)
        new file:   Code.txt
        new file:   Output.txt
Untracked files:
  (use "git add <file>..." to include in what will be committed)
        Log.txt

Nishant Singh@Nishant-Viv0book MINGW64 ~/Desktop/Assesment/Git (master)
$ git commit -m "change for Code and Output"
[master (root-commit) c0022fc] change for Code and Output
 2 files changed, 0 insertions(+), 0 deletions(-)
 create mode 100644 Code.txt
 create mode 100644 Output.txt
Nishant Singh@Nishant-Viv0book MINGW64 ~/Desktop/Assesment/Git (master)
$ git remote add origin https://github.com/Nishant0204/Assignment.git
Nishant Singh@Nishant-Viv0book MINGW64 ~/Desktop/Assesment/Git (master)
$ git push origin master
info: please complete authentication in your browser...
Enumerating objects: 3, done.
Counting objects: 100% (3/3), done.
Delta compression using up to 4 threads
Compressing objects: 100% (2/2), done.
Writing objects: 100% (3/3), 238 bytes | 238.00 KiB/s, done.
Total 3 (delta 0), reused 0 (delta 0), pack-reused 0
remote:
remote: Create a pull request for 'master' on GitHub by visiting:
remote:     

*********************************
Nishant Singh@Nishant-Viv0book MINGW64 ~/Desktop/Assesment/Git (master)
$ git init
Nishant Singh@Nishant-Viv0book MINGW64 ~/Desktop/Assesment/Git (master)
$ git add feature1.txt
Nishant Singh@Nishant-Viv0book MINGW64 ~/Desktop/Assesment/Git (master)
$ git add feature.txt
Nishant Singh@Nishant-Viv0book MINGW64 ~/Desktop/Assesment/Git (master)
$ git commit -m "feature1 and feature"
[master (root-commit) 42d2f17] feature1 and feature
 2 files changed, 0 insertions(+), 0 deletions(-)
 create mode 100644 feature.txt
 create mode 100644 feature1.txt
Nishant Singh@Nishant-Viv0book MINGW64 ~/Desktop/Assesment/Git (master)
$ git branch develop
Nishant Singh@Nishant-Viv0book MINGW64 ~/Desktop/Assesment/Git (master)
$ git branch feature1
Nishant Singh@Nishant-Viv0book MINGW64 ~/Desktop/Assesment/Git (master)
$ git branch feature2
Nishant Singh@Nishant-Viv0book MINGW64 ~/Desktop/Assesment/Git (master)
$ git checkout  feature1
Switched to branch 'feature1'
Nishant Singh@Nishant-Viv0book MINGW64 ~/Desktop/Assesment/Git (feature1)
$ touch new.txt
Nishant Singh@Nishant-Viv0book MINGW64 ~/Desktop/Assesment/Git (feature1)
$ git add ne.txt
Nishant Singh@Nishant-Viv0book MINGW64 ~/Desktop/Assesment/Git (feature1)
$ git add new.txt
Nishant Singh@Nishant-Viv0book MINGW64 ~/Desktop/Assesment/Git (feature1)
$ git commit -m "add new.txt in feature1 branch"
[feature1 7068131] add new.txt in feature1 branch
 1 file changed, 0 insertions(+), 0 deletions(-)
 create mode 100644 new.txt
Nishant Singh@Nishant-Viv0book MINGW64 ~/Desktop/Assesment/Git (feature1)
$ git checkout develop
Switched to branch 'develop'
Nishant Singh@Nishant-Viv0book MINGW64 ~/Desktop/Assesment/Git (develop)
$ touch demo.txt
Nishant Singh@Nishant-Viv0book MINGW64 ~/Desktop/Assesment/Git (develop)
$ git add demo.txt
Nishant Singh@Nishant-Viv0book MINGW64 ~/Desktop/Assesment/Git (develop)
$ git commit -m "add demo.txt in develope branch"
[develop 3dc550f] add demo.txt in develope branch
 1 file changed, 0 insertions(+), 0 deletions(-)
 create mode 100644 demo.txt